
BUILD FAILED
C:\Users\Mike\Documents\NetBeansProjects\mooc-2013-OOProgrammingWithJava-PART2\week10-week10_33.Dungeon\nbproject\build-impl.xml:603: The following error occurred while executing this line:
C:\Users\Mike\Documents\NetBeansProjects\mooc-2013-OOProgrammingWithJava-PART2\week10-week10_33.Dungeon\nbproject\build-impl.xml:245: Compile failed; see the compiler error output for details.

Total time: 3 seconds
